exports[`DatePicker renders correctly 1`] = `
initialize {
  "0": Object {
    "attribs": Object {},
    "children": Array [
      Object {
        "attribs": Object {},
        "children": Array [
          Object {
            "attribs": Object {
              "class": "ant-row ant-form-item",
            },
            "children": Array [
              Object {
                "attribs": Object {
                  "class": "ant-form-item-label",
                },
                "children": Array [
                  Object {
                    "attribs": Object {
                      "class": "ant-form-item-required",
                      "title": "name",
                    },
                    "children": Array [
                      Object {
                        "data": "name",
                        "next": null,
                        "parent": [Circular],
                        "prev": null,
                        "type": "text",
                      },
                    ],
                    "name": "label",
                    "next": null,
                    "parent": [Circular],
                    "prev": null,
                    "type": "tag",
                  },
                ],
                "name": "div",
                "next": Object {
                  "attribs": Object {
                    "class": "ant-form-item-control-wrapper",
                  },
                  "children": Array [
                    Object {
                      "attribs": Object {
                        "class": "ant-form-item-control has-success",
                      },
                      "children": Array [
                        Object {
                          "attribs": Object {
                            "class": "ant-calendar-picker",
                          },
                          "children": Array [
                            Object {
                              "attribs": Object {},
                              "children": Array [
                                Object {
                                  "attribs": Object {
                                    "class": "ant-calendar-picker-input ant-input",
                                    "placeholder": "请选择日期",
                                    "readonly": "",
                                    "value": "2016-04-14",
                                  },
                                  "children": Array [],
                                  "name": "input",
                                  "next": Object {
                                    "attribs": Object {
                                      "class": "anticon anticon-cross-circle ant-calendar-picker-clear",
                                    },
                                    "children": Array [],
                                    "name": "i",
                                    "next": Object {
                                      "attribs": Object {
                                        "class": "ant-calendar-picker-icon",
                                      },
                                      "children": Array [],
                                      "name": "span",
                                      "next": null,
                                      "parent": [Circular],
                                      "prev": [Circular],
                                      "type": "tag",
                                    },
                                    "parent": [Circular],
                                    "prev": [Circular],
                                    "type": "tag",
                                  },
                                  "parent": [Circular],
                                  "prev": null,
                                  "type": "tag",
                                },
                                Object {
                                  "attribs": Object {
                                    "class": "anticon anticon-cross-circle ant-calendar-picker-clear",
                                  },
                                  "children": Array [],
                                  "name": "i",
                                  "next": Object {
                                    "attribs": Object {
                                      "class": "ant-calendar-picker-icon",
                                    },
                                    "children": Array [],
                                    "name": "span",
                                    "next": null,
                                    "parent": [Circular],
                                    "prev": [Circular],
                                    "type": "tag",
                                  },
                                  "parent": [Circular],
                                  "prev": Object {
                                    "attribs": Object {
                                      "class": "ant-calendar-picker-input ant-input",
                                      "placeholder": "请选择日期",
                                      "readonly": "",
                                      "value": "2016-04-14",
                                    },
                                    "children": Array [],
                                    "name": "input",
                                    "next": [Circular],
                                    "parent": [Circular],
                                    "prev": null,
                                    "type": "tag",
                                  },
                                  "type": "tag",
                                },
                                Object {
                                  "attribs": Object {
                                    "class": "ant-calendar-picker-icon",
                                  },
                                  "children": Array [],
                                  "name": "span",
                                  "next": null,
                                  "parent": [Circular],
                                  "prev": Object {
                                    "attribs": Object {
                                      "class": "anticon anticon-cross-circle ant-calendar-picker-clear",
                                    },
                                    "children": Array [],
                                    "name": "i",
                                    "next": [Circular],
                                    "parent": [Circular],
                                    "prev": Object {
                                      "attribs": Object {
                                        "class": "ant-calendar-picker-input ant-input",
                                        "placeholder": "请选择日期",
                                        "readonly": "",
                                        "value": "2016-04-14",
                                      },
                                      "children": Array [],
                                      "name": "input",
                                      "next": [Circular],
                                      "parent": [Circular],
                                      "prev": null,
                                      "type": "tag",
                                    },
                                    "type": "tag",
                                  },
                                  "type": "tag",
                                },
                              ],
                              "name": "span",
                              "next": null,
                              "parent": [Circular],
                              "prev": null,
                              "type": "tag",
                            },
                          ],
                          "name": "span",
                          "next": null,
                          "parent": [Circular],
                          "prev": null,
                          "type": "tag",
                        },
                      ],
                      "name": "div",
                      "next": null,
                      "parent": [Circular],
                      "prev": null,
                      "type": "tag",
                    },
                  ],
                  "name": "div",
                  "next": null,
                  "parent": [Circular],
                  "prev": [Circular],
                  "type": "tag",
                },
                "parent": [Circular],
                "prev": null,
                "type": "tag",
              },
              Object {
                "attribs": Object {
                  "class": "ant-form-item-control-wrapper",
                },
                "children": Array [
                  Object {
                    "attribs": Object {
                      "class": "ant-form-item-control has-success",
                    },
                    "children": Array [
                      Object {
                        "attribs": Object {
                          "class": "ant-calendar-picker",
                        },
                        "children": Array [
                          Object {
                            "attribs": Object {},
                            "children": Array [
                              Object {
                                "attribs": Object {
                                  "class": "ant-calendar-picker-input ant-input",
                                  "placeholder": "请选择日期",
                                  "readonly": "",
                                  "value": "2016-04-14",
                                },
                                "children": Array [],
                                "name": "input",
                                "next": Object {
                                  "attribs": Object {
                                    "class": "anticon anticon-cross-circle ant-calendar-picker-clear",
                                  },
                                  "children": Array [],
                                  "name": "i",
                                  "next": Object {
                                    "attribs": Object {
                                      "class": "ant-calendar-picker-icon",
                                    },
                                    "children": Array [],
                                    "name": "span",
                                    "next": null,
                                    "parent": [Circular],
                                    "prev": [Circular],
                                    "type": "tag",
                                  },
                                  "parent": [Circular],
                                  "prev": [Circular],
                                  "type": "tag",
                                },
                                "parent": [Circular],
                                "prev": null,
                                "type": "tag",
                              },
                              Object {
                                "attribs": Object {
                                  "class": "anticon anticon-cross-circle ant-calendar-picker-clear",
                                },
                                "children": Array [],
                                "name": "i",
                                "next": Object {
                                  "attribs": Object {
                                    "class": "ant-calendar-picker-icon",
                                  },
                                  "children": Array [],
                                  "name": "span",
                                  "next": null,
                                  "parent": [Circular],
                                  "prev": [Circular],
                                  "type": "tag",
                                },
                                "parent": [Circular],
                                "prev": Object {
                                  "attribs": Object {
                                    "class": "ant-calendar-picker-input ant-input",
                                    "placeholder": "请选择日期",
                                    "readonly": "",
                                    "value": "2016-04-14",
                                  },
                                  "children": Array [],
                                  "name": "input",
                                  "next": [Circular],
                                  "parent": [Circular],
                                  "prev": null,
                                  "type": "tag",
                                },
                                "type": "tag",
                              },
                              Object {
                                "attribs": Object {
                                  "class": "ant-calendar-picker-icon",
                                },
                                "children": Array [],
                                "name": "span",
                                "next": null,
                                "parent": [Circular],
                                "prev": Object {
                                  "attribs": Object {
                                    "class": "anticon anticon-cross-circle ant-calendar-picker-clear",
                                  },
                                  "children": Array [],
                                  "name": "i",
                                  "next": [Circular],
                                  "parent": [Circular],
                                  "prev": Object {
                                    "attribs": Object {
                                      "class": "ant-calendar-picker-input ant-input",
                                      "placeholder": "请选择日期",
                                      "readonly": "",
                                      "value": "2016-04-14",
                                    },
                                    "children": Array [],
                                    "name": "input",
                                    "next": [Circular],
                                    "parent": [Circular],
                                    "prev": null,
                                    "type": "tag",
                                  },
                                  "type": "tag",
                                },
                                "type": "tag",
                              },
                            ],
                            "name": "span",
                            "next": null,
                            "parent": [Circular],
                            "prev": null,
                            "type": "tag",
                          },
                        ],
                        "name": "span",
                        "next": null,
                        "parent": [Circular],
                        "prev": null,
                        "type": "tag",
                      },
                    ],
                    "name": "div",
                    "next": null,
                    "parent": [Circular],
                    "prev": null,
                    "type": "tag",
                  },
                ],
                "name": "div",
                "next": null,
                "parent": [Circular],
                "prev": Object {
                  "attribs": Object {
                    "class": "ant-form-item-label",
                  },
                  "children": Array [
                    Object {
                      "attribs": Object {
                        "class": "ant-form-item-required",
                        "title": "name",
                      },
                      "children": Array [
                        Object {
                          "data": "name",
                          "next": null,
                          "parent": [Circular],
                          "prev": null,
                          "type": "text",
                        },
                      ],
                      "name": "label",
                      "next": null,
                      "parent": [Circular],
                      "prev": null,
                      "type": "tag",
                    },
                  ],
                  "name": "div",
                  "next": [Circular],
                  "parent": [Circular],
                  "prev": null,
                  "type": "tag",
                },
                "type": "tag",
              },
            ],
            "name": "div",
            "next": Object {
              "attribs": Object {
                "class": "ant-input",
                "name": "test",
                "type": "hidden",
                "value": "1460563200",
              },
              "children": Array [],
              "name": "input",
              "next": null,
              "parent": [Circular],
              "prev": [Circular],
              "type": "tag",
            },
            "parent": [Circular],
            "prev": null,
            "type": "tag",
          },
          Object {
            "attribs": Object {
              "class": "ant-input",
              "name": "test",
              "type": "hidden",
              "value": "1460563200",
            },
            "children": Array [],
            "name": "input",
            "next": null,
            "parent": [Circular],
            "prev": Object {
              "attribs": Object {
                "class": "ant-row ant-form-item",
              },
              "children": Array [
                Object {
                  "attribs": Object {
                    "class": "ant-form-item-label",
                  },
                  "children": Array [
                    Object {
                      "attribs": Object {
                        "class": "ant-form-item-required",
                        "title": "name",
                      },
                      "children": Array [
                        Object {
                          "data": "name",
                          "next": null,
                          "parent": [Circular],
                          "prev": null,
                          "type": "text",
                        },
                      ],
                      "name": "label",
                      "next": null,
                      "parent": [Circular],
                      "prev": null,
                      "type": "tag",
                    },
                  ],
                  "name": "div",
                  "next": Object {
                    "attribs": Object {
                      "class": "ant-form-item-control-wrapper",
                    },
                    "children": Array [
                      Object {
                        "attribs": Object {
                          "class": "ant-form-item-control has-success",
                        },
                        "children": Array [
                          Object {
                            "attribs": Object {
                              "class": "ant-calendar-picker",
                            },
                            "children": Array [
                              Object {
                                "attribs": Object {},
                                "children": Array [
                                  Object {
                                    "attribs": Object {
                                      "class": "ant-calendar-picker-input ant-input",
                                      "placeholder": "请选择日期",
                                      "readonly": "",
                                      "value": "2016-04-14",
                                    },
                                    "children": Array [],
                                    "name": "input",
                                    "next": Object {
                                      "attribs": Object {
                                        "class": "anticon anticon-cross-circle ant-calendar-picker-clear",
                                      },
                                      "children": Array [],
                                      "name": "i",
                                      "next": Object {
                                        "attribs": Object {
                                          "class": "ant-calendar-picker-icon",
                                        },
                                        "children": Array [],
                                        "name": "span",
                                        "next": null,
                                        "parent": [Circular],
                                        "prev": [Circular],
                                        "type": "tag",
                                      },
                                      "parent": [Circular],
                                      "prev": [Circular],
                                      "type": "tag",
                                    },
                                    "parent": [Circular],
                                    "prev": null,
                                    "type": "tag",
                                  },
                                  Object {
                                    "attribs": Object {
                                      "class": "anticon anticon-cross-circle ant-calendar-picker-clear",
                                    },
                                    "children": Array [],
                                    "name": "i",
                                    "next": Object {
                                      "attribs": Object {
                                        "class": "ant-calendar-picker-icon",
                                      },
                                      "children": Array [],
                                      "name": "span",
                                      "next": null,
                                      "parent": [Circular],
                                      "prev": [Circular],
                                      "type": "tag",
                                    },
                                    "parent": [Circular],
                                    "prev": Object {
                                      "attribs": Object {
                                        "class": "ant-calendar-picker-input ant-input",
                                        "placeholder": "请选择日期",
                                        "readonly": "",
                                        "value": "2016-04-14",
                                      },
                                      "children": Array [],
                                      "name": "input",
                                      "next": [Circular],
                                      "parent": [Circular],
                                      "prev": null,
                                      "type": "tag",
                                    },
                                    "type": "tag",
                                  },
                                  Object {
                                    "attribs": Object {
                                      "class": "ant-calendar-picker-icon",
                                    },
                                    "children": Array [],
                                    "name": "span",
                                    "next": null,
                                    "parent": [Circular],
                                    "prev": Object {
                                      "attribs": Object {
                                        "class": "anticon anticon-cross-circle ant-calendar-picker-clear",
                                      },
                                      "children": Array [],
                                      "name": "i",
                                      "next": [Circular],
                                      "parent": [Circular],
                                      "prev": Object {
                                        "attribs": Object {
                                          "class": "ant-calendar-picker-input ant-input",
                                          "placeholder": "请选择日期",
                                          "readonly": "",
                                          "value": "2016-04-14",
                                        },
                                        "children": Array [],
                                        "name": "input",
                                        "next": [Circular],
                                        "parent": [Circular],
                                        "prev": null,
                                        "type": "tag",
                                      },
                                      "type": "tag",
                                    },
                                    "type": "tag",
                                  },
                                ],
                                "name": "span",
                                "next": null,
                                "parent": [Circular],
                                "prev": null,
                                "type": "tag",
                              },
                            ],
                            "name": "span",
                            "next": null,
                            "parent": [Circular],
                            "prev": null,
                            "type": "tag",
                          },
                        ],
                        "name": "div",
                        "next": null,
                        "parent": [Circular],
                        "prev": null,
                        "type": "tag",
                      },
                    ],
                    "name": "div",
                    "next": null,
                    "parent": [Circular],
                    "prev": [Circular],
                    "type": "tag",
                  },
                  "parent": [Circular],
                  "prev": null,
                  "type": "tag",
                },
                Object {
                  "attribs": Object {
                    "class": "ant-form-item-control-wrapper",
                  },
                  "children": Array [
                    Object {
                      "attribs": Object {
                        "class": "ant-form-item-control has-success",
                      },
                      "children": Array [
                        Object {
                          "attribs": Object {
                            "class": "ant-calendar-picker",
                          },
                          "children": Array [
                            Object {
                              "attribs": Object {},
                              "children": Array [
                                Object {
                                  "attribs": Object {
                                    "class": "ant-calendar-picker-input ant-input",
                                    "placeholder": "请选择日期",
                                    "readonly": "",
                                    "value": "2016-04-14",
                                  },
                                  "children": Array [],
                                  "name": "input",
                                  "next": Object {
                                    "attribs": Object {
                                      "class": "anticon anticon-cross-circle ant-calendar-picker-clear",
                                    },
                                    "children": Array [],
                                    "name": "i",
                                    "next": Object {
                                      "attribs": Object {
                                        "class": "ant-calendar-picker-icon",
                                      },
                                      "children": Array [],
                                      "name": "span",
                                      "next": null,
                                      "parent": [Circular],
                                      "prev": [Circular],
                                      "type": "tag",
                                    },
                                    "parent": [Circular],
                                    "prev": [Circular],
                                    "type": "tag",
                                  },
                                  "parent": [Circular],
                                  "prev": null,
                                  "type": "tag",
                                },
                                Object {
                                  "attribs": Object {
                                    "class": "anticon anticon-cross-circle ant-calendar-picker-clear",
                                  },
                                  "children": Array [],
                                  "name": "i",
                                  "next": Object {
                                    "attribs": Object {
                                      "class": "ant-calendar-picker-icon",
                                    },
                                    "children": Array [],
                                    "name": "span",
                                    "next": null,
                                    "parent": [Circular],
                                    "prev": [Circular],
                                    "type": "tag",
                                  },
                                  "parent": [Circular],
                                  "prev": Object {
                                    "attribs": Object {
                                      "class": "ant-calendar-picker-input ant-input",
                                      "placeholder": "请选择日期",
                                      "readonly": "",
                                      "value": "2016-04-14",
                                    },
                                    "children": Array [],
                                    "name": "input",
                                    "next": [Circular],
                                    "parent": [Circular],
                                    "prev": null,
                                    "type": "tag",
                                  },
                                  "type": "tag",
                                },
                                Object {
                                  "attribs": Object {
                                    "class": "ant-calendar-picker-icon",
                                  },
                                  "children": Array [],
                                  "name": "span",
                                  "next": null,
                                  "parent": [Circular],
                                  "prev": Object {
                                    "attribs": Object {
                                      "class": "anticon anticon-cross-circle ant-calendar-picker-clear",
                                    },
                                    "children": Array [],
                                    "name": "i",
                                    "next": [Circular],
                                    "parent": [Circular],
                                    "prev": Object {
                                      "attribs": Object {
                                        "class": "ant-calendar-picker-input ant-input",
                                        "placeholder": "请选择日期",
                                        "readonly": "",
                                        "value": "2016-04-14",
                                      },
                                      "children": Array [],
                                      "name": "input",
                                      "next": [Circular],
                                      "parent": [Circular],
                                      "prev": null,
                                      "type": "tag",
                                    },
                                    "type": "tag",
                                  },
                                  "type": "tag",
                                },
                              ],
                              "name": "span",
                              "next": null,
                              "parent": [Circular],
                              "prev": null,
                              "type": "tag",
                            },
                          ],
                          "name": "span",
                          "next": null,
                          "parent": [Circular],
                          "prev": null,
                          "type": "tag",
                        },
                      ],
                      "name": "div",
                      "next": null,
                      "parent": [Circular],
                      "prev": null,
                      "type": "tag",
                    },
                  ],
                  "name": "div",
                  "next": null,
                  "parent": [Circular],
                  "prev": Object {
                    "attribs": Object {
                      "class": "ant-form-item-label",
                    },
                    "children": Array [
                      Object {
                        "attribs": Object {
                          "class": "ant-form-item-required",
                          "title": "name",
                        },
                        "children": Array [
                          Object {
                            "data": "name",
                            "next": null,
                            "parent": [Circular],
                            "prev": null,
                            "type": "text",
                          },
                        ],
                        "name": "label",
                        "next": null,
                        "parent": [Circular],
                        "prev": null,
                        "type": "tag",
                      },
                    ],
                    "name": "div",
                    "next": [Circular],
                    "parent": [Circular],
                    "prev": null,
                    "type": "tag",
                  },
                  "type": "tag",
                },
              ],
              "name": "div",
              "next": [Circular],
              "parent": [Circular],
              "prev": null,
              "type": "tag",
            },
            "type": "tag",
          },
        ],
        "name": "span",
        "next": null,
        "parent": null,
        "prev": null,
        "root": [Circular],
        "type": "tag",
      },
    ],
    "name": "root",
    "next": null,
    "parent": null,
    "prev": null,
    "type": "root",
  },
  "_root": [Circular],
  "length": 1,
  "options": Object {
    "decodeEntities": true,
    "normalizeWhitespace": false,
    "withDomLvl1": true,
    "xmlMode": false,
  },
}
`;
